

================================================================
== Vitis HLS Report for 'conv2d'
================================================================
* Date:           Wed May  6 07:12:51 2026

* Version:        2021.1 (Build 3247384 on Thu Jun 10 19:36:33 MDT 2021)
* Project:        proj
* Solution:       solution3 (Vivado IP Flow Target)
* Product family: zynq
* Target device:  xc7z020-clg400-1


================================================================
== Performance Estimates
================================================================
+ Timing: 
    * Summary: 
    +--------+----------+----------+------------+
    |  Clock |  Target  | Estimated| Uncertainty|
    +--------+----------+----------+------------+
    |ap_clk  |  10.00 ns|  7.256 ns|     1.25 ns|
    +--------+----------+----------+------------+

+ Latency: 
    * Summary: 
    +---------+---------+----------+-----------+-------+---------+---------+
    |  Latency (cycles) |  Latency (absolute)  |     Interval    | Pipeline|
    |   min   |   max   |    min   |    max    |  min  |   max   |   Type  |
    +---------+---------+----------+-----------+-------+---------+---------+
    |    95965|  2163461|  0.960 ms|  21.635 ms|  95966|  2163462|       no|
    +---------+---------+----------+-----------+-------+---------+---------+

    + Detail: 
        * Instance: 
        N/A

        * Loop: 
        +--------------------------+---------+---------+--------------+-----------+-----------+----------+----------+
        |                          |  Latency (cycles) |   Iteration  |  Initiation Interval  |   Trip   |          |
        |         Loop Name        |   min   |   max   |    Latency   |  achieved |   target  |   Count  | Pipelined|
        +--------------------------+---------+---------+--------------+-----------+-----------+----------+----------+
        |- ROW_SLIDE               |    95964|  2163460|  1454 ~ 16642|          -|          -|  66 ~ 130|        no|
        | + COL_SLIDE              |     1452|    16640|      22 ~ 128|          -|          -|  66 ~ 130|        no|
        |  ++ UPDATE_WINDOW_ROW    |       12|       12|             4|          -|          -|         3|        no|
        |   +++ UPDATE_WINDOW_COL  |        2|        2|             1|          -|          -|         2|        no|
        |  ++ UPDATE_BUF           |        6|        6|             3|          -|          -|         2|        no|
        |  ++ MACi                 |      105|      105|            35|          -|          -|         3|        no|
        |   +++ MACj               |       33|       33|            11|          -|          -|         3|        no|
        +--------------------------+---------+---------+--------------+-----------+-----------+----------+----------+



================================================================
== Utilization Estimates
================================================================
* Summary: 
+-----------------+---------+-----+--------+-------+-----+
|       Name      | BRAM_18K| DSP |   FF   |  LUT  | URAM|
+-----------------+---------+-----+--------+-------+-----+
|DSP              |        -|    -|       -|      -|    -|
|Expression       |        -|    -|       0|    590|    -|
|FIFO             |        -|    -|       -|      -|    -|
|Instance         |        0|    5|     662|   1121|    -|
|Memory           |        2|    -|       0|      0|    -|
|Multiplexer      |        -|    -|       -|    271|    -|
|Register         |        -|    -|    1095|      -|    -|
+-----------------+---------+-----+--------+-------+-----+
|Total            |        2|    5|    1757|   1982|    0|
+-----------------+---------+-----+--------+-------+-----+
|Available        |      280|  220|  106400|  53200|    0|
+-----------------+---------+-----+--------+-------+-----+
|Utilization (%)  |       ~0|    2|       1|      3|    0|
+-----------------+---------+-----+--------+-------+-----+

+ Detail: 
    * Instance: 
    +-----------------------------------+--------------------------------+---------+----+-----+-----+-----+
    |              Instance             |             Module             | BRAM_18K| DSP|  FF | LUT | URAM|
    +-----------------------------------+--------------------------------+---------+----+-----+-----+-----+
    |control_s_axi_U                    |control_s_axi                   |        0|   0|  314|  314|    0|
    |fadd_32ns_32ns_32_5_full_dsp_1_U1  |fadd_32ns_32ns_32_5_full_dsp_1  |        0|   2|  205|  390|    0|
    |fmul_32ns_32ns_32_4_max_dsp_1_U2   |fmul_32ns_32ns_32_4_max_dsp_1   |        0|   3|  143|  321|    0|
    |mux_94_32_1_1_U3                   |mux_94_32_1_1                   |        0|   0|    0|   48|    0|
    |mux_94_32_1_1_U4                   |mux_94_32_1_1                   |        0|   0|    0|   48|    0|
    +-----------------------------------+--------------------------------+---------+----+-----+-----+-----+
    |Total                              |                                |        0|   5|  662| 1121|    0|
    +-----------------------------------+--------------------------------+---------+----+-----+-----+-----+

    * DSP: 
    N/A

    * Memory: 
    +--------------+------------+---------+---+----+-----+------+-----+------+-------------+
    |    Memory    |   Module   | BRAM_18K| FF| LUT| URAM| Words| Bits| Banks| W*Bits*Banks|
    +--------------+------------+---------+---+----+-----+------+-----+------+-------------+
    |line_buf_1_U  |line_buf_1  |        1|  0|   0|    0|   256|   32|     1|         8192|
    |line_buf_0_U  |line_buf_1  |        1|  0|   0|    0|   256|   32|     1|         8192|
    +--------------+------------+---------+---+----+-----+------+-----+------+-------------+
    |Total         |            |        2|  0|   0|    0|   512|   64|     2|        16384|
    +--------------+------------+---------+---+----+-----+------+-----+------+-------------+

    * FIFO: 
    N/A

    * Expression: 
    +--------------------------------+----------+----+---+----+------------+------------+
    |          Variable Name         | Operation| DSP| FF| LUT| Bitwidth P0| Bitwidth P1|
    +--------------------------------+----------+----+---+----+------------+------------+
    |add13_fu_495_p2                 |         +|   0|  0|  39|          32|           1|
    |add_ln43_fu_579_p2              |         +|   0|  0|  39|          32|           1|
    |add_ln46_fu_607_p2              |         +|   0|  0|  10|           2|           1|
    |add_ln49_fu_667_p2              |         +|   0|  0|  10|           2|           1|
    |add_ln61_fu_753_p2              |         +|   0|  0|  10|           2|           1|
    |add_ln77_fu_842_p2              |         +|   0|  0|  10|           2|           1|
    |add_ln79_fu_894_p2              |         +|   0|  0|  10|           2|           1|
    |row_2_fu_522_p2                 |         +|   0|  0|  38|          31|           1|
    |tmp_9_fu_922_p10                |         +|   0|  0|  13|           4|           4|
    |tmp_fu_690_p10                  |         +|   0|  0|  13|           4|           4|
    |virt_size_fu_489_p2             |         +|   0|  0|  39|          32|           2|
    |empty_25_fu_848_p2              |         -|   0|  0|  11|           3|           2|
    |sub_ln49_fu_625_p2              |         -|   0|  0|  13|           4|           4|
    |sub_ln81_fu_900_p2              |         -|   0|  0|  11|           3|           2|
    |sub_ln82_fu_866_p2              |         -|   0|  0|  13|           4|           4|
    |and_ln55_1_fu_647_p2            |       and|   0|  0|   2|           1|           1|
    |and_ln55_2_fu_641_p2            |       and|   0|  0|   2|           1|           1|
    |and_ln55_fu_560_p2              |       and|   0|  0|   2|           1|           1|
    |and_ln74_fu_781_p2              |       and|   0|  0|   2|           1|           1|
    |ap_block_state23                |       and|   0|  0|   2|           1|           1|
    |ap_block_state4                 |       and|   0|  0|   2|           1|           1|
    |ap_block_state9                 |       and|   0|  0|   2|           1|           1|
    |ap_condition_838                |       and|   0|  0|   2|           1|           1|
    |ap_predicate_op109_read_state4  |       and|   0|  0|   2|           1|           1|
    |out_stream_TLAST_int_regslice   |       and|   0|  0|   2|           1|           1|
    |cmp69_fu_544_p2                 |      icmp|   0|  0|  18|          32|          32|
    |icmp_fu_538_p2                  |      icmp|   0|  0|  17|          30|           1|
    |icmp_ln41_fu_517_p2             |      icmp|   0|  0|  18|          32|          32|
    |icmp_ln43_fu_574_p2             |      icmp|   0|  0|  18|          32|          32|
    |icmp_ln46_fu_601_p2             |      icmp|   0|  0|   8|           2|           2|
    |icmp_ln48_fu_661_p2             |      icmp|   0|  0|   8|           2|           3|
    |icmp_ln56_1_fu_637_p2           |      icmp|   0|  0|  18|          33|          33|
    |icmp_ln56_fu_631_p2             |      icmp|   0|  0|  18|          32|           1|
    |icmp_ln61_fu_747_p2             |      icmp|   0|  0|   8|           2|           3|
    |icmp_ln65_fu_822_p2             |      icmp|   0|  0|   8|           2|           1|
    |icmp_ln74_fu_775_p2             |      icmp|   0|  0|  17|          31|           1|
    |icmp_ln77_fu_836_p2             |      icmp|   0|  0|   8|           2|           2|
    |icmp_ln79_fu_888_p2             |      icmp|   0|  0|   8|           2|           2|
    |icmp_ln92_fu_877_p2             |      icmp|   0|  0|  18|          32|          32|
    |notlhs_fu_549_p2                |      icmp|   0|  0|  17|          31|           1|
    |notrhs_fu_555_p2                |      icmp|   0|  0|  18|          32|          32|
    |select_ln49_fu_677_p3           |    select|   0|  0|   2|           1|           2|
    |select_ln65_fu_828_p3           |    select|   0|  0|  32|           1|          32|
    |val_fu_802_p3                   |    select|   0|  0|  32|           1|          32|
    +--------------------------------+----------+----+---+----+------------+------------+
    |Total                           |          |   0|  0| 590|         501|         316|
    +--------------------------------+----------+----+---+----+------------+------------+

    * Multiplexer: 
    +----------------------------+-----+-----------+-----+-----------+
    |            Name            | LUT | Input Size| Bits| Total Bits|
    +----------------------------+-----+-----------+-----+-----------+
    |acc_2_reg_445               |    9|          2|   32|         64|
    |acc_reg_422                 |    9|          2|   32|         64|
    |ap_NS_fsm                   |  113|         24|    1|         24|
    |col_reg_309                 |    9|          2|   32|         64|
    |i_1_reg_375                 |    9|          2|    2|          4|
    |i_2_reg_411                 |    9|          2|    2|          4|
    |i_reg_321                   |    9|          2|    2|          4|
    |in_stream_TDATA_blk_n       |    9|          2|    1|          2|
    |j_1_reg_434                 |    9|          2|    2|          4|
    |j_reg_344                   |    9|          2|    2|          4|
    |new_pixel_1_reg_333         |    9|          2|   32|         64|
    |out_stream_TDATA_blk_n      |    9|          2|    1|          2|
    |p_in_reg_457                |   14|          3|   32|         96|
    |row_fu_180                  |    9|          2|   31|         62|
    |window_0_2_load_12_reg_399  |    9|          2|   32|         64|
    |window_0_2_load_1_reg_365   |    9|          2|   32|         64|
    |window_1_2_load_14_reg_387  |    9|          2|   32|         64|
    |window_1_2_load_1_reg_355   |    9|          2|   32|         64|
    +----------------------------+-----+-----------+-----+-----------+
    |Total                       |  271|         59|  332|        718|
    +----------------------------+-----+-----------+-----+-----------+

    * Register: 
    +----------------------------+----+----+-----+-----------+
    |            Name            | FF | LUT| Bits| Const Bits|
    +----------------------------+----+----+-----+-----------+
    |acc_2_reg_445               |  32|   0|   32|          0|
    |acc_reg_422                 |  32|   0|   32|          0|
    |add13_reg_958               |  32|   0|   32|          0|
    |add_ln43_reg_1007           |  32|   0|   32|          0|
    |add_ln46_reg_1024           |   2|   0|    2|          0|
    |add_ln61_reg_1063           |   2|   0|    2|          0|
    |add_ln77_reg_1115           |   2|   0|    2|          0|
    |add_ln79_reg_1142           |   2|   0|    2|          0|
    |and_ln55_reg_988            |   1|   0|    1|          0|
    |and_ln74_reg_1068           |   1|   0|    1|          0|
    |ap_CS_fsm                   |  23|   0|   23|          0|
    |cmp69_reg_983               |   1|   0|    1|          0|
    |col_reg_309                 |  32|   0|   32|          0|
    |empty_25_reg_1120           |   2|   0|    2|          0|
    |i_1_reg_375                 |   2|   0|    2|          0|
    |i_2_reg_411                 |   2|   0|    2|          0|
    |i_reg_321                   |   2|   0|    2|          0|
    |icmp_reg_978                |   1|   0|    1|          0|
    |j_1_reg_434                 |   2|   0|    2|          0|
    |j_reg_344                   |   2|   0|    2|          0|
    |line_buf_0_addr_reg_1037    |   8|   0|    8|          0|
    |line_buf_1_addr_reg_1043    |   8|   0|    8|          0|
    |mul_reg_1187                |  32|   0|   32|          0|
    |new_pixel_1_reg_333         |  32|   0|   32|          0|
    |p_in_reg_457                |  32|   0|   32|          0|
    |row_2_reg_973               |  31|   0|   31|          0|
    |row_fu_180                  |  31|   0|   31|          0|
    |select_ln65_reg_1106        |  32|   0|   32|          0|
    |sext_ln41_reg_965           |  33|   0|   33|          0|
    |sub_ln49_reg_1029           |   4|   0|    4|          0|
    |sub_ln82_reg_1124           |   4|   0|    4|          0|
    |tmp_9_reg_1147              |  32|   0|   32|          0|
    |trunc_ln62_reg_1096         |   1|   0|    1|          0|
    |virt_size_reg_952           |  32|   0|   32|          0|
    |window_0_0                  |  32|   0|   32|          0|
    |window_0_1                  |  32|   0|   32|          0|
    |window_0_1_load_1_reg_1075  |  32|   0|   32|          0|
    |window_0_2                  |  32|   0|   32|          0|
    |window_0_2_load_12_reg_399  |  32|   0|   32|          0|
    |window_0_2_load_1_reg_365   |  32|   0|   32|          0|
    |window_1_0                  |  32|   0|   32|          0|
    |window_1_1                  |  32|   0|   32|          0|
    |window_1_1_load_1_reg_1083  |  32|   0|   32|          0|
    |window_1_2                  |  32|   0|   32|          0|
    |window_1_2_load_14_reg_387  |  32|   0|   32|          0|
    |window_1_2_load_1_reg_355   |  32|   0|   32|          0|
    |window_2_0                  |  32|   0|   32|          0|
    |window_2_1                  |  32|   0|   32|          0|
    |window_2_1_load_1_reg_1091  |  32|   0|   32|          0|
    |window_2_2                  |  32|   0|   32|          0|
    |zext_ln43_1_reg_999         |  32|   0|   33|          1|
    |zext_ln43_reg_993           |  32|   0|   64|         32|
    +----------------------------+----+----+-----+-----------+
    |Total                       |1095|   0| 1128|         33|
    +----------------------------+----+----+-----+-----------+



================================================================
== Interface
================================================================
* Summary: 
+-----------------------+-----+-----+------------+---------------------+--------------+
|       RTL Ports       | Dir | Bits|  Protocol  |    Source Object    |    C Type    |
+-----------------------+-----+-----+------------+---------------------+--------------+
|s_axi_control_AWVALID  |   in|    1|       s_axi|              control|        scalar|
|s_axi_control_AWREADY  |  out|    1|       s_axi|              control|        scalar|
|s_axi_control_AWADDR   |   in|    7|       s_axi|              control|        scalar|
|s_axi_control_WVALID   |   in|    1|       s_axi|              control|        scalar|
|s_axi_control_WREADY   |  out|    1|       s_axi|              control|        scalar|
|s_axi_control_WDATA    |   in|   32|       s_axi|              control|        scalar|
|s_axi_control_WSTRB    |   in|    4|       s_axi|              control|        scalar|
|s_axi_control_ARVALID  |   in|    1|       s_axi|              control|        scalar|
|s_axi_control_ARREADY  |  out|    1|       s_axi|              control|        scalar|
|s_axi_control_ARADDR   |   in|    7|       s_axi|              control|        scalar|
|s_axi_control_RVALID   |  out|    1|       s_axi|              control|        scalar|
|s_axi_control_RREADY   |   in|    1|       s_axi|              control|        scalar|
|s_axi_control_RDATA    |  out|   32|       s_axi|              control|        scalar|
|s_axi_control_RRESP    |  out|    2|       s_axi|              control|        scalar|
|s_axi_control_BVALID   |  out|    1|       s_axi|              control|        scalar|
|s_axi_control_BREADY   |   in|    1|       s_axi|              control|        scalar|
|s_axi_control_BRESP    |  out|    2|       s_axi|              control|        scalar|
|ap_clk                 |   in|    1|  ap_ctrl_hs|               conv2d|  return value|
|ap_rst_n               |   in|    1|  ap_ctrl_hs|               conv2d|  return value|
|interrupt              |  out|    1|  ap_ctrl_hs|               conv2d|  return value|
|in_stream_TDATA        |   in|   32|        axis|   in_stream_V_data_V|       pointer|
|in_stream_TVALID       |   in|    1|        axis|   in_stream_V_dest_V|       pointer|
|in_stream_TREADY       |  out|    1|        axis|   in_stream_V_dest_V|       pointer|
|in_stream_TDEST        |   in|    1|        axis|   in_stream_V_dest_V|       pointer|
|in_stream_TKEEP        |   in|    4|        axis|   in_stream_V_keep_V|       pointer|
|in_stream_TSTRB        |   in|    4|        axis|   in_stream_V_strb_V|       pointer|
|in_stream_TUSER        |   in|    1|        axis|   in_stream_V_user_V|       pointer|
|in_stream_TLAST        |   in|    1|        axis|   in_stream_V_last_V|       pointer|
|in_stream_TID          |   in|    1|        axis|     in_stream_V_id_V|       pointer|
|out_stream_TDATA       |  out|   32|        axis|  out_stream_V_data_V|       pointer|
|out_stream_TVALID      |  out|    1|        axis|  out_stream_V_dest_V|       pointer|
|out_stream_TREADY      |   in|    1|        axis|  out_stream_V_dest_V|       pointer|
|out_stream_TDEST       |  out|    1|        axis|  out_stream_V_dest_V|       pointer|
|out_stream_TKEEP       |  out|    4|        axis|  out_stream_V_keep_V|       pointer|
|out_stream_TSTRB       |  out|    4|        axis|  out_stream_V_strb_V|       pointer|
|out_stream_TUSER       |  out|    1|        axis|  out_stream_V_user_V|       pointer|
|out_stream_TLAST       |  out|    1|        axis|  out_stream_V_last_V|       pointer|
|out_stream_TID         |  out|    1|        axis|    out_stream_V_id_V|       pointer|
+-----------------------+-----+-----+------------+---------------------+--------------+

