

================================================================
== Synthesis Summary Report of 'conv2d'
================================================================
+ General Information: 
    * Date:           Wed May  6 07:12:52 2026
    * Version:        2021.1 (Build 3247384 on Thu Jun 10 19:36:33 MDT 2021)
    * Project:        proj
    * Solution:       solution3 (Vivado IP Flow Target)
    * Product family: zynq
    * Target device:  xc7z020-clg400-1
    

+ Performance & Resource Estimates: 
    
    PS: '+' for module; 'o' for loop; '*' for dataflow
    +-------------------------+------+------+---------+-----------+----------+---------+------+----------+---------+--------+-----------+-----------+-----+
    |         Modules         | Issue|      | Latency |  Latency  | Iteration|         | Trip |          |         |        |           |           |     |
    |         & Loops         | Type | Slack| (cycles)|    (ns)   |  Latency | Interval| Count| Pipelined|  BRAM   |   DSP  |     FF    |    LUT    | URAM|
    +-------------------------+------+------+---------+-----------+----------+---------+------+----------+---------+--------+-----------+-----------+-----+
    |+ conv2d                 |     -|  1.49|  2163461|  2.163e+07|         -|  2163462|     -|        no|  2 (~0%)|  5 (2%)|  1757 (1%)|  1982 (3%)|    -|
    | o ROW_SLIDE             |     -|  8.75|  2163460|  2.163e+07|     16642|        -|   130|        no|        -|       -|          -|          -|    -|
    |  o COL_SLIDE            |     -|  8.75|    16640|  1.664e+05|       128|        -|   130|        no|        -|       -|          -|          -|    -|
    |   o UPDATE_WINDOW_ROW   |     -|  8.75|       12|    120.000|         4|        -|     3|        no|        -|       -|          -|          -|    -|
    |    o UPDATE_WINDOW_COL  |     -|  8.75|        2|     20.000|         1|        -|     2|        no|        -|       -|          -|          -|    -|
    |   o UPDATE_BUF          |     -|  8.75|        6|     60.000|         3|        -|     2|        no|        -|       -|          -|          -|    -|
    |   o MACi                |     -|  8.75|      105|  1.050e+03|        35|        -|     3|        no|        -|       -|          -|          -|    -|
    |    o MACj               |     -|  8.75|       33|    330.000|        11|        -|     3|        no|        -|       -|          -|          -|    -|
    +-------------------------+------+------+---------+-----------+----------+---------+------+----------+---------+--------+-----------+-----------+-----+


================================================================
== HW Interfaces
================================================================
* S_AXILITE
+---------------+------------+---------------+--------+----------+
| Interface     | Data Width | Address Width | Offset | Register |
+---------------+------------+---------------+--------+----------+
| s_axi_control | 32         | 7             | 16     | 0        |
+---------------+------------+---------------+--------+----------+

* AXIS
+------------+---------------+-------+-------+-----+-------+-------+--------+-------+-------+--------+
| Interface  | Register Mode | TDATA | TDEST | TID | TKEEP | TLAST | TREADY | TSTRB | TUSER | TVALID |
+------------+---------------+-------+-------+-----+-------+-------+--------+-------+-------+--------+
| in_stream  | both          | 32    | 1     | 1   | 4     | 1     | 1      | 4     | 1     | 1      |
| out_stream | both          | 32    | 1     | 1   | 4     | 1     | 1      | 4     | 1     | 1      |
+------------+---------------+-------+-------+-----+-------+-------+--------+-------+-------+--------+

* TOP LEVEL CONTROL
+-----------+------------+-----------+
| Interface | Type       | Ports     |
+-----------+------------+-----------+
| ap_clk    | clock      | ap_clk    |
| ap_rst_n  | reset      | ap_rst_n  |
| interrupt | interrupt  | interrupt |
| ap_ctrl   | ap_ctrl_hs |           |
+-----------+------------+-----------+


================================================================
== SW I/O Information
================================================================
* Top Function Arguments
+------------+-----------+--------------------------------------------+
| Argument   | Direction | Datatype                                   |
+------------+-----------+--------------------------------------------+
| in_stream  | in        | stream<hls::axis<ap_int<32>, 1, 1, 1>, 0>& |
| out_stream | out       | stream<hls::axis<ap_int<32>, 1, 1, 1>, 0>& |
| kernel_in  | in        | float*                                     |
| img_size   | in        | int                                        |
+------------+-----------+--------------------------------------------+

* SW-to-HW Mapping
+------------+------------------------+-----------+-----------------------+
| Argument   | HW Name                | HW Type   | HW Info               |
+------------+------------------------+-----------+-----------------------+
| in_stream  | in_stream              | interface |                       |
| out_stream | out_stream             | interface |                       |
| kernel_in  | s_axi_control          | interface |                       |
| kernel_in  | s_axi_control          | interface |                       |
| kernel_in  | s_axi_control          | interface |                       |
| img_size   | s_axi_control img_size | register  | offset=0x40, range=32 |
+------------+------------------------+-----------+-----------------------+


================================================================
== M_AXI Burst Information
================================================================

