

================================================================
== Vitis HLS Report for 'conv2d'
================================================================
* Date:           Sat May  1 16:11:06 2021

* Version:        2021.1 (Build 3247384 on Thu Jun 10 19:36:33 MDT 2021)
* Project:        proj_float5
* Solution:       solution1 (Vivado IP Flow Target)
* Product family: zynq
* Target device:  xc7z020-clg400-1


================================================================
== Performance Estimates
================================================================
+ Timing: 
    * Summary: 
    +--------+----------+----------+------------+
    |  Clock |  Target  | Estimated| Uncertainty|
    +--------+----------+----------+------------+
    |ap_clk  |  10.00 ns|  8.510 ns|     1.25 ns|
    +--------+----------+----------+------------+

+ Latency: 
    * Summary: 
    +---------+---------+----------+----------+-----+-----+---------+
    |  Latency (cycles) |  Latency (absolute) |  Interval | Pipeline|
    |   min   |   max   |    min   |    max   | min | max |   Type  |
    +---------+---------+----------+----------+-----+-----+---------+
    |        ?|        ?|         ?|         ?|    ?|    ?|       no|
    +---------+---------+----------+----------+-----+-----+---------+

    + Detail: 
        * Instance: 
        N/A

        * Loop: 
        +-----------------------+---------+---------+----------+-----------+-----------+------+----------+
        |                       |  Latency (cycles) | Iteration|  Initiation Interval  | Trip |          |
        |       Loop Name       |   min   |   max   |  Latency |  achieved |   target  | Count| Pipelined|
        +-----------------------+---------+---------+----------+-----------+-----------+------+----------+
        |- ROW_SLIDE_COL_SLIDE  |        ?|        ?|       141|          1|          1|     ?|       yes|
        +-----------------------+---------+---------+----------+-----------+-----------+------+----------+



================================================================
== Utilization Estimates
================================================================
* Summary: 
+-----------------+---------+-----+--------+-------+-----+
|       Name      | BRAM_18K| DSP |   FF   |  LUT  | URAM|
+-----------------+---------+-----+--------+-------+-----+
|DSP              |        -|    -|       -|      -|    -|
|Expression       |        -|    -|       0|    804|    -|
|FIFO             |        -|    -|       -|      -|    -|
|Instance         |        0|  148|   11774|  23399|    -|
|Memory           |        4|    -|       0|      0|    -|
|Multiplexer      |        -|    -|       -|    309|    -|
|Register         |        -|    -|    6592|    864|    -|
+-----------------+---------+-----+--------+-------+-----+
|Total            |        4|  148|   18366|  25376|    0|
+-----------------+---------+-----+--------+-------+-----+
|Available        |      280|  220|  106400|  53200|    0|
+-----------------+---------+-----+--------+-------+-----+
|Utilization (%)  |        1|   67|      17|     47|    0|
+-----------------+---------+-----+--------+-------+-----+

+ Detail: 
    * Instance: 
    +------------------------------------+--------------------------------+---------+----+------+------+-----+
    |              Instance              |             Module             | BRAM_18K| DSP|  FF  |  LUT | URAM|
    +------------------------------------+--------------------------------+---------+----+------+------+-----+
    |control_s_axi_U                     |control_s_axi                   |        0|   0|  1024|  1704|    0|
    |fadd_32ns_32ns_32_5_full_dsp_1_U1   |fadd_32ns_32ns_32_5_full_dsp_1  |        0|   2|   205|   390|    0|
    |fadd_32ns_32ns_32_5_full_dsp_1_U2   |fadd_32ns_32ns_32_5_full_dsp_1  |        0|   2|   205|   390|    0|
    |fadd_32ns_32ns_32_5_full_dsp_1_U3   |fadd_32ns_32ns_32_5_full_dsp_1  |        0|   2|   205|   390|    0|
    |fadd_32ns_32ns_32_5_full_dsp_1_U4   |fadd_32ns_32ns_32_5_full_dsp_1  |        0|   2|   205|   390|    0|
    |fadd_32ns_32ns_32_5_full_dsp_1_U5   |fadd_32ns_32ns_32_5_full_dsp_1  |        0|   2|   205|   390|    0|
    |fadd_32ns_32ns_32_5_full_dsp_1_U6   |fadd_32ns_32ns_32_5_full_dsp_1  |        0|   2|   205|   390|    0|
    |fadd_32ns_32ns_32_5_full_dsp_1_U7   |fadd_32ns_32ns_32_5_full_dsp_1  |        0|   2|   205|   390|    0|
    |fadd_32ns_32ns_32_5_full_dsp_1_U8   |fadd_32ns_32ns_32_5_full_dsp_1  |        0|   2|   205|   390|    0|
    |fadd_32ns_32ns_32_5_full_dsp_1_U9   |fadd_32ns_32ns_32_5_full_dsp_1  |        0|   2|   205|   390|    0|
    |fadd_32ns_32ns_32_5_full_dsp_1_U10  |fadd_32ns_32ns_32_5_full_dsp_1  |        0|   2|   205|   390|    0|
    |fadd_32ns_32ns_32_5_full_dsp_1_U11  |fadd_32ns_32ns_32_5_full_dsp_1  |        0|   2|   205|   390|    0|
    |fadd_32ns_32ns_32_5_full_dsp_1_U12  |fadd_32ns_32ns_32_5_full_dsp_1  |        0|   2|   205|   390|    0|
    |fadd_32ns_32ns_32_5_full_dsp_1_U13  |fadd_32ns_32ns_32_5_full_dsp_1  |        0|   2|   205|   390|    0|
    |fadd_32ns_32ns_32_5_full_dsp_1_U14  |fadd_32ns_32ns_32_5_full_dsp_1  |        0|   2|   205|   390|    0|
    |fadd_32ns_32ns_32_5_full_dsp_1_U15  |fadd_32ns_32ns_32_5_full_dsp_1  |        0|   2|   205|   390|    0|
    |fadd_32ns_32ns_32_5_full_dsp_1_U16  |fadd_32ns_32ns_32_5_full_dsp_1  |        0|   2|   205|   390|    0|
    |fadd_32ns_32ns_32_5_full_dsp_1_U17  |fadd_32ns_32ns_32_5_full_dsp_1  |        0|   2|   205|   390|    0|
    |fadd_32ns_32ns_32_5_full_dsp_1_U18  |fadd_32ns_32ns_32_5_full_dsp_1  |        0|   2|   205|   390|    0|
    |fadd_32ns_32ns_32_5_full_dsp_1_U19  |fadd_32ns_32ns_32_5_full_dsp_1  |        0|   2|   205|   390|    0|
    |fadd_32ns_32ns_32_5_full_dsp_1_U20  |fadd_32ns_32ns_32_5_full_dsp_1  |        0|   2|   205|   390|    0|
    |fadd_32ns_32ns_32_5_full_dsp_1_U21  |fadd_32ns_32ns_32_5_full_dsp_1  |        0|   2|   205|   390|    0|
    |fadd_32ns_32ns_32_5_full_dsp_1_U22  |fadd_32ns_32ns_32_5_full_dsp_1  |        0|   2|   205|   390|    0|
    |fadd_32ns_32ns_32_5_full_dsp_1_U23  |fadd_32ns_32ns_32_5_full_dsp_1  |        0|   2|   205|   390|    0|
    |fadd_32ns_32ns_32_5_full_dsp_1_U24  |fadd_32ns_32ns_32_5_full_dsp_1  |        0|   2|   205|   390|    0|
    |fadd_32ns_32ns_32_5_full_dsp_1_U25  |fadd_32ns_32ns_32_5_full_dsp_1  |        0|   2|   205|   390|    0|
    |fadd_32ns_32ns_32_5_full_dsp_1_U26  |fadd_32ns_32ns_32_5_full_dsp_1  |        0|   2|   205|   390|    0|
    |fadd_32ns_32ns_32_5_full_dsp_1_U27  |fadd_32ns_32ns_32_5_full_dsp_1  |        0|   2|   205|   390|    0|
    |fadd_32ns_32ns_32_5_full_dsp_1_U28  |fadd_32ns_32ns_32_5_full_dsp_1  |        0|   2|   205|   390|    0|
    |fadd_32ns_32ns_32_5_full_dsp_1_U29  |fadd_32ns_32ns_32_5_full_dsp_1  |        0|   2|   205|   390|    0|
    |fadd_32ns_32ns_32_5_full_dsp_1_U30  |fadd_32ns_32ns_32_5_full_dsp_1  |        0|   2|   205|   390|    0|
    |fadd_32ns_32ns_32_5_full_dsp_1_U31  |fadd_32ns_32ns_32_5_full_dsp_1  |        0|   2|   205|   390|    0|
    |fadd_32ns_32ns_32_5_full_dsp_1_U32  |fadd_32ns_32ns_32_5_full_dsp_1  |        0|   2|   205|   390|    0|
    |fadd_32ns_32ns_32_5_full_dsp_1_U33  |fadd_32ns_32ns_32_5_full_dsp_1  |        0|   2|   205|   390|    0|
    |fadd_32ns_32ns_32_5_full_dsp_1_U34  |fadd_32ns_32ns_32_5_full_dsp_1  |        0|   2|   205|   390|    0|
    |fadd_32ns_32ns_32_5_full_dsp_1_U35  |fadd_32ns_32ns_32_5_full_dsp_1  |        0|   2|   205|   390|    0|
    |fmul_32ns_32ns_32_4_max_dsp_1_U36   |fmul_32ns_32ns_32_4_max_dsp_1   |        0|   3|   143|   321|    0|
    |fmul_32ns_32ns_32_4_max_dsp_1_U37   |fmul_32ns_32ns_32_4_max_dsp_1   |        0|   3|   143|   321|    0|
    |fmul_32ns_32ns_32_4_max_dsp_1_U38   |fmul_32ns_32ns_32_4_max_dsp_1   |        0|   3|   143|   321|    0|
    |fmul_32ns_32ns_32_4_max_dsp_1_U39   |fmul_32ns_32ns_32_4_max_dsp_1   |        0|   3|   143|   321|    0|
    |fmul_32ns_32ns_32_4_max_dsp_1_U40   |fmul_32ns_32ns_32_4_max_dsp_1   |        0|   3|   143|   321|    0|
    |fmul_32ns_32ns_32_4_max_dsp_1_U41   |fmul_32ns_32ns_32_4_max_dsp_1   |        0|   3|   143|   321|    0|
    |fmul_32ns_32ns_32_4_max_dsp_1_U42   |fmul_32ns_32ns_32_4_max_dsp_1   |        0|   3|   143|   321|    0|
    |fmul_32ns_32ns_32_4_max_dsp_1_U43   |fmul_32ns_32ns_32_4_max_dsp_1   |        0|   3|   143|   321|    0|
    |fmul_32ns_32ns_32_4_max_dsp_1_U44   |fmul_32ns_32ns_32_4_max_dsp_1   |        0|   3|   143|   321|    0|
    |fmul_32ns_32ns_32_4_max_dsp_1_U45   |fmul_32ns_32ns_32_4_max_dsp_1   |        0|   3|   143|   321|    0|
    |fmul_32ns_32ns_32_4_max_dsp_1_U46   |fmul_32ns_32ns_32_4_max_dsp_1   |        0|   3|   143|   321|    0|
    |fmul_32ns_32ns_32_4_max_dsp_1_U47   |fmul_32ns_32ns_32_4_max_dsp_1   |        0|   3|   143|   321|    0|
    |fmul_32ns_32ns_32_4_max_dsp_1_U48   |fmul_32ns_32ns_32_4_max_dsp_1   |        0|   3|   143|   321|    0|
    |fmul_32ns_32ns_32_4_max_dsp_1_U49   |fmul_32ns_32ns_32_4_max_dsp_1   |        0|   3|   143|   321|    0|
    |fmul_32ns_32ns_32_4_max_dsp_1_U50   |fmul_32ns_32ns_32_4_max_dsp_1   |        0|   3|   143|   321|    0|
    |fmul_32ns_32ns_32_4_max_dsp_1_U51   |fmul_32ns_32ns_32_4_max_dsp_1   |        0|   3|   143|   321|    0|
    |fmul_32ns_32ns_32_4_max_dsp_1_U52   |fmul_32ns_32ns_32_4_max_dsp_1   |        0|   3|   143|   321|    0|
    |fmul_32ns_32ns_32_4_max_dsp_1_U53   |fmul_32ns_32ns_32_4_max_dsp_1   |        0|   3|   143|   321|    0|
    |fmul_32ns_32ns_32_4_max_dsp_1_U54   |fmul_32ns_32ns_32_4_max_dsp_1   |        0|   3|   143|   321|    0|
    |fmul_32ns_32ns_32_4_max_dsp_1_U55   |fmul_32ns_32ns_32_4_max_dsp_1   |        0|   3|   143|   321|    0|
    |fmul_32ns_32ns_32_4_max_dsp_1_U56   |fmul_32ns_32ns_32_4_max_dsp_1   |        0|   3|   143|   321|    0|
    |fmul_32ns_32ns_32_4_max_dsp_1_U57   |fmul_32ns_32ns_32_4_max_dsp_1   |        0|   3|   143|   321|    0|
    |fmul_32ns_32ns_32_4_max_dsp_1_U58   |fmul_32ns_32ns_32_4_max_dsp_1   |        0|   3|   143|   321|    0|
    |fmul_32ns_32ns_32_4_max_dsp_1_U59   |fmul_32ns_32ns_32_4_max_dsp_1   |        0|   3|   143|   321|    0|
    |fmul_32ns_32ns_32_4_max_dsp_1_U60   |fmul_32ns_32ns_32_4_max_dsp_1   |        0|   3|   143|   321|    0|
    |mul_32ns_32ns_64_1_1_U61            |mul_32ns_32ns_64_1_1            |        0|   3|     0|    20|    0|
    +------------------------------------+--------------------------------+---------+----+------+------+-----+
    |Total                               |                                |        0| 148| 11774| 23399|    0|
    +------------------------------------+--------------------------------+---------+----+------+------+-----+

    * DSP: 
    N/A

    * Memory: 
    +--------------+------------+---------+---+----+-----+------+-----+------+-------------+
    |    Memory    |   Module   | BRAM_18K| FF| LUT| URAM| Words| Bits| Banks| W*Bits*Banks|
    +--------------+------------+---------+---+----+-----+------+-----+------+-------------+
    |line_buf_0_U  |line_buf_0  |        1|  0|   0|    0|   256|   32|     1|         8192|
    |line_buf_1_U  |line_buf_0  |        1|  0|   0|    0|   256|   32|     1|         8192|
    |line_buf_2_U  |line_buf_0  |        1|  0|   0|    0|   256|   32|     1|         8192|
    |line_buf_3_U  |line_buf_0  |        1|  0|   0|    0|   256|   32|     1|         8192|
    +--------------+------------+---------+---+----+-----+------+-----+------+-------------+
    |Total         |            |        4|  0|   0|    0|  1024|  128|     4|        32768|
    +--------------+------------+---------+---+----+-----+------+-----+------+-------------+

    * FIFO: 
    N/A

    * Expression: 
    +----------------------------------+----------+----+---+----+------------+------------+
    |           Variable Name          | Operation| DSP| FF| LUT| Bitwidth P0| Bitwidth P1|
    +----------------------------------+----------+----+---+----+------------+------------+
    |add13_fu_1209_p2                  |         +|   0|  0|  39|          32|           2|
    |add_ln41_1_fu_1309_p2             |         +|   0|  0|  38|          31|           1|
    |add_ln41_fu_1303_p2               |         +|   0|  0|  71|          64|           1|
    |add_ln43_fu_1549_p2               |         +|   0|  0|  14|           9|           1|
    |sub68_fu_1214_p2                  |         +|   0|  0|  39|          32|           2|
    |virt_size_fu_913_p2               |         +|   0|  0|  39|          32|           3|
    |and_ln55_1_fu_1446_p2             |       and|   0|  0|   2|           1|           1|
    |and_ln55_2_fu_1440_p2             |       and|   0|  0|   2|           1|           1|
    |and_ln55_3_fu_1385_p2             |       and|   0|  0|   2|           1|           1|
    |and_ln55_fu_1283_p2               |       and|   0|  0|   2|           1|           1|
    |and_ln74_fu_1532_p2               |       and|   0|  0|   2|           1|           1|
    |ap_block_state142_io              |       and|   0|  0|   2|           1|           1|
    |ap_block_state143_io              |       and|   0|  0|   2|           1|           1|
    |ap_block_state3_pp0_stage0_iter0  |       and|   0|  0|   2|           1|           1|
    |ap_condition_2774                 |       and|   0|  0|   2|           1|           1|
    |ap_predicate_op379_read_state3    |       and|   0|  0|   2|           1|           1|
    |out_pkt_last_V_fu_1543_p2         |       and|   0|  0|   2|           1|           1|
    |addr_cmp53_fu_1486_p2             |      icmp|   0|  0|  29|          64|          64|
    |addr_cmp59_fu_1472_p2             |      icmp|   0|  0|  29|          64|          64|
    |addr_cmp65_fu_1463_p2             |      icmp|   0|  0|  29|          64|          64|
    |addr_cmp_fu_1500_p2               |      icmp|   0|  0|  29|          64|          64|
    |cmp69_fu_1257_p2                  |      icmp|   0|  0|  18|          32|          32|
    |cmp69_mid1_fu_1351_p2             |      icmp|   0|  0|  18|          32|          32|
    |icmp16_fu_1272_p2                 |      icmp|   0|  0|  17|          30|           1|
    |icmp22_fu_1337_p2                 |      icmp|   0|  0|  17|          29|           1|
    |icmp25_fu_1374_p2                 |      icmp|   0|  0|  17|          30|           1|
    |icmp_fu_1251_p2                   |      icmp|   0|  0|  17|          29|           1|
    |icmp_ln41_fu_1298_p2              |      icmp|   0|  0|  29|          64|          64|
    |icmp_ln43_fu_1293_p2              |      icmp|   0|  0|  18|          32|          32|
    |icmp_ln56_1_fu_1435_p2            |      icmp|   0|  0|  18|          32|          32|
    |icmp_ln56_fu_1429_p2              |      icmp|   0|  0|  11|           8|           1|
    |icmp_ln74_fu_1526_p2              |      icmp|   0|  0|  10|           7|           1|
    |icmp_ln92_fu_1538_p2              |      icmp|   0|  0|  18|          32|          32|
    |notrhs_fu_1278_p2                 |      icmp|   0|  0|  18|          32|          32|
    |notrhs_mid1_fu_1380_p2            |      icmp|   0|  0|  18|          32|          32|
    |ap_block_pp0_stage0_01001         |        or|   0|  0|   2|           1|           1|
    |ap_block_pp0_stage0_11001         |        or|   0|  0|   2|           1|           1|
    |line_buf_0_d1                     |    select|   0|  0|  32|           1|          32|
    |line_buf_1_d1                     |    select|   0|  0|  32|           1|          32|
    |line_buf_2_d1                     |    select|   0|  0|  32|           1|          32|
    |reuse_select66_fu_1593_p3         |    select|   0|  0|  32|           1|          32|
    |select_ln41_1_fu_1343_p3          |    select|   0|  0|   2|           1|           1|
    |select_ln41_2_fu_1356_p3          |    select|   0|  0|   2|           1|           1|
    |select_ln41_3_fu_1391_p3          |    select|   0|  0|   2|           1|           1|
    |select_ln41_4_fu_1403_p3          |    select|   0|  0|  31|           1|          31|
    |select_ln41_fu_1319_p3            |    select|   0|  0|   9|           1|           1|
    |ap_enable_pp0                     |       xor|   0|  0|   2|           1|           2|
    |ap_enable_reg_pp0_iter1           |       xor|   0|  0|   2|           2|           1|
    +----------------------------------+----------+----+---+----+------------+------------+
    |Total                             |          |   0|  0| 804|         902|         739|
    +----------------------------------+----------+----+---+----+------------+------------+

    * Multiplexer: 
    +------------------------------------------+----+-----------+-----+-----------+
    |                   Name                   | LUT| Input Size| Bits| Total Bits|
    +------------------------------------------+----+-----------+-----+-----------+
    |ap_NS_fsm                                 |  25|          5|    1|          5|
    |ap_enable_reg_pp0_iter1                   |   9|          2|    1|          2|
    |ap_enable_reg_pp0_iter140                 |   9|          2|    1|          2|
    |ap_phi_reg_pp0_iter1_new_pixel_1_reg_648  |  14|          3|   32|         96|
    |col_fu_304                                |   9|          2|    9|         18|
    |in_stream_TDATA_blk_n                     |   9|          2|    1|          2|
    |indvar_flatten_fu_372                     |   9|          2|   64|        128|
    |out_stream_TDATA_blk_n                    |   9|          2|    1|          2|
    |reuse_addr_reg50_fu_288                   |   9|          2|   64|        128|
    |reuse_addr_reg56_fu_280                   |   9|          2|   64|        128|
    |reuse_addr_reg62_fu_272                   |   9|          2|   64|        128|
    |reuse_addr_reg_fu_296                     |   9|          2|   64|        128|
    |reuse_reg49_fu_292                        |   9|          2|   32|         64|
    |reuse_reg55_fu_284                        |   9|          2|   32|         64|
    |reuse_reg61_fu_276                        |   9|          2|   32|         64|
    |reuse_reg_fu_300                          |   9|          2|   32|         64|
    |row_fu_368                                |   9|          2|   31|         62|
    |window_0_2_loc_1_fu_360                   |   9|          2|   32|         64|
    |window_0_3_loc_1_fu_356                   |   9|          2|   32|         64|
    |window_1_2_loc_1_fu_348                   |   9|          2|   32|         64|
    |window_1_3_loc_1_fu_344                   |   9|          2|   32|         64|
    |window_2_2_loc_1_fu_336                   |   9|          2|   32|         64|
    |window_2_3_loc_1_fu_332                   |   9|          2|   32|         64|
    |window_3_2_loc_1_fu_324                   |   9|          2|   32|         64|
    |window_3_3_loc_1_fu_320                   |   9|          2|   32|         64|
    |window_4_2_loc_1_fu_312                   |   9|          2|   32|         64|
    |window_4_3_loc_1_fu_308                   |   9|          2|   32|         64|
    |window_load_1_0_0_fu_364                  |   9|          2|   32|         64|
    |window_load_1_1_0_fu_352                  |   9|          2|   32|         64|
    |window_load_1_2_0_fu_340                  |   9|          2|   32|         64|
    |window_load_1_3_0_fu_328                  |   9|          2|   32|         64|
    |window_load_1_4_0_fu_316                  |   9|          2|   32|         64|
    +------------------------------------------+----+-----------+-----+-----------+
    |Total                                     | 309|         68| 1005|       2045|
    +------------------------------------------+----+-----------+-----+-----------+

    * Register: 
    +------------------------------------------+----+----+-----+-----------+
    |                   Name                   | FF | LUT| Bits| Const Bits|
    +------------------------------------------+----+----+-----+-----------+
    |acc_1_0_1_reg_2492                        |  32|   0|   32|          0|
    |acc_1_0_2_reg_2512                        |  32|   0|   32|          0|
    |acc_1_0_3_reg_2547                        |  32|   0|   32|          0|
    |acc_1_0_4_reg_2567                        |  32|   0|   32|          0|
    |acc_1_1_1_reg_2582                        |  32|   0|   32|          0|
    |acc_1_1_2_reg_2602                        |  32|   0|   32|          0|
    |acc_1_1_3_reg_2637                        |  32|   0|   32|          0|
    |acc_1_1_4_reg_2657                        |  32|   0|   32|          0|
    |acc_1_1_reg_2577                          |  32|   0|   32|          0|
    |acc_1_2_1_reg_2672                        |  32|   0|   32|          0|
    |acc_1_2_2_reg_2692                        |  32|   0|   32|          0|
    |acc_1_2_3_reg_2727                        |  32|   0|   32|          0|
    |acc_1_2_4_reg_2747                        |  32|   0|   32|          0|
    |acc_1_2_reg_2667                          |  32|   0|   32|          0|
    |acc_1_3_1_reg_2762                        |  32|   0|   32|          0|
    |acc_1_3_2_reg_2782                        |  32|   0|   32|          0|
    |acc_1_3_3_reg_2817                        |  32|   0|   32|          0|
    |acc_1_3_4_reg_2837                        |  32|   0|   32|          0|
    |acc_1_3_reg_2757                          |  32|   0|   32|          0|
    |acc_1_4_1_reg_2852                        |  32|   0|   32|          0|
    |acc_1_4_2_reg_2857                        |  32|   0|   32|          0|
    |acc_1_4_3_reg_2862                        |  32|   0|   32|          0|
    |acc_1_4_reg_2847                          |  32|   0|   32|          0|
    |acc_1_reg_2487                            |  32|   0|   32|          0|
    |add13_reg_2314                            |  32|   0|   32|          0|
    |addr_cmp53_reg_2374                       |   1|   0|    1|          0|
    |addr_cmp59_reg_2363                       |   1|   0|    1|          0|
    |addr_cmp65_reg_2352                       |   1|   0|    1|          0|
    |addr_cmp_reg_2385                         |   1|   0|    1|          0|
    |and_ln74_reg_2390                         |   1|   0|    1|          0|
    |ap_CS_fsm                                 |   4|   0|    4|          0|
    |ap_enable_reg_pp0_iter0                   |   1|   0|    1|          0|
    |ap_enable_reg_pp0_iter1                   |   1|   0|    1|          0|
    |ap_enable_reg_pp0_iter10                  |   1|   0|    1|          0|
    |ap_enable_reg_pp0_iter100                 |   1|   0|    1|          0|
    |ap_enable_reg_pp0_iter101                 |   1|   0|    1|          0|
    |ap_enable_reg_pp0_iter102                 |   1|   0|    1|          0|
    |ap_enable_reg_pp0_iter103                 |   1|   0|    1|          0|
    |ap_enable_reg_pp0_iter104                 |   1|   0|    1|          0|
    |ap_enable_reg_pp0_iter105                 |   1|   0|    1|          0|
    |ap_enable_reg_pp0_iter106                 |   1|   0|    1|          0|
    |ap_enable_reg_pp0_iter107                 |   1|   0|    1|          0|
    |ap_enable_reg_pp0_iter108                 |   1|   0|    1|          0|
    |ap_enable_reg_pp0_iter109                 |   1|   0|    1|          0|
    |ap_enable_reg_pp0_iter11                  |   1|   0|    1|          0|
    |ap_enable_reg_pp0_iter110                 |   1|   0|    1|          0|
    |ap_enable_reg_pp0_iter111                 |   1|   0|    1|          0|
    |ap_enable_reg_pp0_iter112                 |   1|   0|    1|          0|
    |ap_enable_reg_pp0_iter113                 |   1|   0|    1|          0|
    |ap_enable_reg_pp0_iter114                 |   1|   0|    1|          0|
    |ap_enable_reg_pp0_iter115                 |   1|   0|    1|          0|
    |ap_enable_reg_pp0_iter116                 |   1|   0|    1|          0|
    |ap_enable_reg_pp0_iter117                 |   1|   0|    1|          0|
    |ap_enable_reg_pp0_iter118                 |   1|   0|    1|          0|
    |ap_enable_reg_pp0_iter119                 |   1|   0|    1|          0|
    |ap_enable_reg_pp0_iter12                  |   1|   0|    1|          0|
    |ap_enable_reg_pp0_iter120                 |   1|   0|    1|          0|
    |ap_enable_reg_pp0_iter121                 |   1|   0|    1|          0|
    |ap_enable_reg_pp0_iter122                 |   1|   0|    1|          0|
    |ap_enable_reg_pp0_iter123                 |   1|   0|    1|          0|
    |ap_enable_reg_pp0_iter124                 |   1|   0|    1|          0|
    |ap_enable_reg_pp0_iter125                 |   1|   0|    1|          0|
    |ap_enable_reg_pp0_iter126                 |   1|   0|    1|          0|
    |ap_enable_reg_pp0_iter127                 |   1|   0|    1|          0|
    |ap_enable_reg_pp0_iter128                 |   1|   0|    1|          0|
    |ap_enable_reg_pp0_iter129                 |   1|   0|    1|          0|
    |ap_enable_reg_pp0_iter13                  |   1|   0|    1|          0|
    |ap_enable_reg_pp0_iter130                 |   1|   0|    1|          0|
    |ap_enable_reg_pp0_iter131                 |   1|   0|    1|          0|
    |ap_enable_reg_pp0_iter132                 |   1|   0|    1|          0|
    |ap_enable_reg_pp0_iter133                 |   1|   0|    1|          0|
    |ap_enable_reg_pp0_iter134                 |   1|   0|    1|          0|
    |ap_enable_reg_pp0_iter135                 |   1|   0|    1|          0|
    |ap_enable_reg_pp0_iter136                 |   1|   0|    1|          0|
    |ap_enable_reg_pp0_iter137                 |   1|   0|    1|          0|
    |ap_enable_reg_pp0_iter138                 |   1|   0|    1|          0|
    |ap_enable_reg_pp0_iter139                 |   1|   0|    1|          0|
    |ap_enable_reg_pp0_iter14                  |   1|   0|    1|          0|
    |ap_enable_reg_pp0_iter140                 |   1|   0|    1|          0|
    |ap_enable_reg_pp0_iter15                  |   1|   0|    1|          0|
    |ap_enable_reg_pp0_iter16                  |   1|   0|    1|          0|
    |ap_enable_reg_pp0_iter17                  |   1|   0|    1|          0|
    |ap_enable_reg_pp0_iter18                  |   1|   0|    1|          0|
    |ap_enable_reg_pp0_iter19                  |   1|   0|    1|          0|
    |ap_enable_reg_pp0_iter2                   |   1|   0|    1|          0|
    |ap_enable_reg_pp0_iter20                  |   1|   0|    1|          0|
    |ap_enable_reg_pp0_iter21                  |   1|   0|    1|          0|
    |ap_enable_reg_pp0_iter22                  |   1|   0|    1|          0|
    |ap_enable_reg_pp0_iter23                  |   1|   0|    1|          0|
    |ap_enable_reg_pp0_iter24                  |   1|   0|    1|          0|
    |ap_enable_reg_pp0_iter25                  |   1|   0|    1|          0|
    |ap_enable_reg_pp0_iter26                  |   1|   0|    1|          0|
    |ap_enable_reg_pp0_iter27                  |   1|   0|    1|          0|
    |ap_enable_reg_pp0_iter28                  |   1|   0|    1|          0|
    |ap_enable_reg_pp0_iter29                  |   1|   0|    1|          0|
    |ap_enable_reg_pp0_iter3                   |   1|   0|    1|          0|
    |ap_enable_reg_pp0_iter30                  |   1|   0|    1|          0|
    |ap_enable_reg_pp0_iter31                  |   1|   0|    1|          0|
    |ap_enable_reg_pp0_iter32                  |   1|   0|    1|          0|
    |ap_enable_reg_pp0_iter33                  |   1|   0|    1|          0|
    |ap_enable_reg_pp0_iter34                  |   1|   0|    1|          0|
    |ap_enable_reg_pp0_iter35                  |   1|   0|    1|          0|
    |ap_enable_reg_pp0_iter36                  |   1|   0|    1|          0|
    |ap_enable_reg_pp0_iter37                  |   1|   0|    1|          0|
    |ap_enable_reg_pp0_iter38                  |   1|   0|    1|          0|
    |ap_enable_reg_pp0_iter39                  |   1|   0|    1|          0|
    |ap_enable_reg_pp0_iter4                   |   1|   0|    1|          0|
    |ap_enable_reg_pp0_iter40                  |   1|   0|    1|          0|
    |ap_enable_reg_pp0_iter41                  |   1|   0|    1|          0|
    |ap_enable_reg_pp0_iter42                  |   1|   0|    1|          0|
    |ap_enable_reg_pp0_iter43                  |   1|   0|    1|          0|
    |ap_enable_reg_pp0_iter44                  |   1|   0|    1|          0|
    |ap_enable_reg_pp0_iter45                  |   1|   0|    1|          0|
    |ap_enable_reg_pp0_iter46                  |   1|   0|    1|          0|
    |ap_enable_reg_pp0_iter47                  |   1|   0|    1|          0|
    |ap_enable_reg_pp0_iter48                  |   1|   0|    1|          0|
    |ap_enable_reg_pp0_iter49                  |   1|   0|    1|          0|
    |ap_enable_reg_pp0_iter5                   |   1|   0|    1|          0|
    |ap_enable_reg_pp0_iter50                  |   1|   0|    1|          0|
    |ap_enable_reg_pp0_iter51                  |   1|   0|    1|          0|
    |ap_enable_reg_pp0_iter52                  |   1|   0|    1|          0|
    |ap_enable_reg_pp0_iter53                  |   1|   0|    1|          0|
    |ap_enable_reg_pp0_iter54                  |   1|   0|    1|          0|
    |ap_enable_reg_pp0_iter55                  |   1|   0|    1|          0|
    |ap_enable_reg_pp0_iter56                  |   1|   0|    1|          0|
    |ap_enable_reg_pp0_iter57                  |   1|   0|    1|          0|
    |ap_enable_reg_pp0_iter58                  |   1|   0|    1|          0|
    |ap_enable_reg_pp0_iter59                  |   1|   0|    1|          0|
    |ap_enable_reg_pp0_iter6                   |   1|   0|    1|          0|
    |ap_enable_reg_pp0_iter60                  |   1|   0|    1|          0|
    |ap_enable_reg_pp0_iter61                  |   1|   0|    1|          0|
    |ap_enable_reg_pp0_iter62                  |   1|   0|    1|          0|
    |ap_enable_reg_pp0_iter63                  |   1|   0|    1|          0|
    |ap_enable_reg_pp0_iter64                  |   1|   0|    1|          0|
    |ap_enable_reg_pp0_iter65                  |   1|   0|    1|          0|
    |ap_enable_reg_pp0_iter66                  |   1|   0|    1|          0|
    |ap_enable_reg_pp0_iter67                  |   1|   0|    1|          0|
    |ap_enable_reg_pp0_iter68                  |   1|   0|    1|          0|
    |ap_enable_reg_pp0_iter69                  |   1|   0|    1|          0|
    |ap_enable_reg_pp0_iter7                   |   1|   0|    1|          0|
    |ap_enable_reg_pp0_iter70                  |   1|   0|    1|          0|
    |ap_enable_reg_pp0_iter71                  |   1|   0|    1|          0|
    |ap_enable_reg_pp0_iter72                  |   1|   0|    1|          0|
    |ap_enable_reg_pp0_iter73                  |   1|   0|    1|          0|
    |ap_enable_reg_pp0_iter74                  |   1|   0|    1|          0|
    |ap_enable_reg_pp0_iter75                  |   1|   0|    1|          0|
    |ap_enable_reg_pp0_iter76                  |   1|   0|    1|          0|
    |ap_enable_reg_pp0_iter77                  |   1|   0|    1|          0|
    |ap_enable_reg_pp0_iter78                  |   1|   0|    1|          0|
    |ap_enable_reg_pp0_iter79                  |   1|   0|    1|          0|
    |ap_enable_reg_pp0_iter8                   |   1|   0|    1|          0|
    |ap_enable_reg_pp0_iter80                  |   1|   0|    1|          0|
    |ap_enable_reg_pp0_iter81                  |   1|   0|    1|          0|
    |ap_enable_reg_pp0_iter82                  |   1|   0|    1|          0|
    |ap_enable_reg_pp0_iter83                  |   1|   0|    1|          0|
    |ap_enable_reg_pp0_iter84                  |   1|   0|    1|          0|
    |ap_enable_reg_pp0_iter85                  |   1|   0|    1|          0|
    |ap_enable_reg_pp0_iter86                  |   1|   0|    1|          0|
    |ap_enable_reg_pp0_iter87                  |   1|   0|    1|          0|
    |ap_enable_reg_pp0_iter88                  |   1|   0|    1|          0|
    |ap_enable_reg_pp0_iter89                  |   1|   0|    1|          0|
    |ap_enable_reg_pp0_iter9                   |   1|   0|    1|          0|
    |ap_enable_reg_pp0_iter90                  |   1|   0|    1|          0|
    |ap_enable_reg_pp0_iter91                  |   1|   0|    1|          0|
    |ap_enable_reg_pp0_iter92                  |   1|   0|    1|          0|
    |ap_enable_reg_pp0_iter93                  |   1|   0|    1|          0|
    |ap_enable_reg_pp0_iter94                  |   1|   0|    1|          0|
    |ap_enable_reg_pp0_iter95                  |   1|   0|    1|          0|
    |ap_enable_reg_pp0_iter96                  |   1|   0|    1|          0|
    |ap_enable_reg_pp0_iter97                  |   1|   0|    1|          0|
    |ap_enable_reg_pp0_iter98                  |   1|   0|    1|          0|
    |ap_enable_reg_pp0_iter99                  |   1|   0|    1|          0|
    |ap_phi_reg_pp0_iter1_new_pixel_1_reg_648  |  32|   0|   32|          0|
    |bound_reg_2328                            |  64|   0|   64|          0|
    |col_fu_304                                |   9|   0|    9|          0|
    |empty_40_reg_2194                         |  32|   0|   32|          0|
    |empty_41_reg_2199                         |  32|   0|   32|          0|
    |empty_42_reg_2204                         |  32|   0|   32|          0|
    |empty_43_reg_2209                         |  32|   0|   32|          0|
    |empty_44_reg_2214                         |  32|   0|   32|          0|
    |empty_45_reg_2219                         |  32|   0|   32|          0|
    |empty_46_reg_2224                         |  32|   0|   32|          0|
    |empty_47_reg_2229                         |  32|   0|   32|          0|
    |empty_48_reg_2234                         |  32|   0|   32|          0|
    |empty_49_reg_2239                         |  32|   0|   32|          0|
    |empty_50_reg_2244                         |  32|   0|   32|          0|
    |empty_51_reg_2249                         |  32|   0|   32|          0|
    |empty_52_reg_2254                         |  32|   0|   32|          0|
    |empty_53_reg_2259                         |  32|   0|   32|          0|
    |empty_54_reg_2264                         |  32|   0|   32|          0|
    |empty_55_reg_2269                         |  32|   0|   32|          0|
    |empty_56_reg_2274                         |  32|   0|   32|          0|
    |empty_57_reg_2279                         |  32|   0|   32|          0|
    |empty_58_reg_2284                         |  32|   0|   32|          0|
    |empty_59_reg_2289                         |  32|   0|   32|          0|
    |empty_60_reg_2294                         |  32|   0|   32|          0|
    |empty_61_reg_2299                         |  32|   0|   32|          0|
    |empty_62_reg_2304                         |  32|   0|   32|          0|
    |empty_63_reg_2309                         |  32|   0|   32|          0|
    |empty_reg_2189                            |  32|   0|   32|          0|
    |icmp_ln41_reg_2333                        |   1|   0|    1|          0|
    |img_size_read_reg_2177                    |  32|   0|   32|          0|
    |indvar_flatten_fu_372                     |  64|   0|   64|          0|
    |line_buf_0_addr_reg_2346                  |   8|   0|    8|          0|
    |line_buf_1_addr_reg_2357                  |   8|   0|    8|          0|
    |line_buf_2_addr_reg_2368                  |   8|   0|    8|          0|
    |line_buf_3_addr_reg_2379                  |   8|   0|    8|          0|
    |mul_0_1_reg_2467                          |  32|   0|   32|          0|
    |mul_0_2_reg_2437                          |  32|   0|   32|          0|
    |mul_0_3_reg_2442                          |  32|   0|   32|          0|
    |mul_0_4_reg_2447                          |  32|   0|   32|          0|
    |mul_1_1_reg_2552                          |  32|   0|   32|          0|
    |mul_1_2_reg_2517                          |  32|   0|   32|          0|
    |mul_1_3_reg_2522                          |  32|   0|   32|          0|
    |mul_1_4_reg_2527                          |  32|   0|   32|          0|
    |mul_1_reg_2572                            |  32|   0|   32|          0|
    |mul_2_1_reg_2642                          |  32|   0|   32|          0|
    |mul_2_2_reg_2607                          |  32|   0|   32|          0|
    |mul_2_3_reg_2612                          |  32|   0|   32|          0|
    |mul_2_4_reg_2617                          |  32|   0|   32|          0|
    |mul_2_reg_2662                            |  32|   0|   32|          0|
    |mul_3_1_reg_2732                          |  32|   0|   32|          0|
    |mul_3_2_reg_2697                          |  32|   0|   32|          0|
    |mul_3_3_reg_2702                          |  32|   0|   32|          0|
    |mul_3_4_reg_2707                          |  32|   0|   32|          0|
    |mul_3_reg_2752                            |  32|   0|   32|          0|
    |mul_4_1_reg_2822                          |  32|   0|   32|          0|
    |mul_4_2_reg_2787                          |  32|   0|   32|          0|
    |mul_4_3_reg_2792                          |  32|   0|   32|          0|
    |mul_4_4_reg_2797                          |  32|   0|   32|          0|
    |mul_4_reg_2842                            |  32|   0|   32|          0|
    |mul_reg_2482                              |  32|   0|   32|          0|
    |new_pixel_1_reg_648                       |  32|   0|   32|          0|
    |out_pkt_last_V_reg_2394                   |   1|   0|    1|          0|
    |reuse_addr_reg50_fu_288                   |  64|   0|   64|          0|
    |reuse_addr_reg56_fu_280                   |  64|   0|   64|          0|
    |reuse_addr_reg62_fu_272                   |  64|   0|   64|          0|
    |reuse_addr_reg_fu_296                     |  64|   0|   64|          0|
    |reuse_reg49_fu_292                        |  32|   0|   32|          0|
    |reuse_reg55_fu_284                        |  32|   0|   32|          0|
    |reuse_reg61_fu_276                        |  32|   0|   32|          0|
    |reuse_reg_fu_300                          |  32|   0|   32|          0|
    |reuse_select54_reg_2415                   |  32|   0|   32|          0|
    |reuse_select60_reg_2409                   |  32|   0|   32|          0|
    |reuse_select66_reg_2404                   |  32|   0|   32|          0|
    |reuse_select_reg_2421                     |  32|   0|   32|          0|
    |row_fu_368                                |  31|   0|   31|          0|
    |sub68_reg_2321                            |  32|   0|   32|          0|
    |virt_size_reg_2183                        |  32|   0|   32|          0|
    |window_0_1                                |  32|   0|   32|          0|
    |window_0_2                                |  32|   0|   32|          0|
    |window_0_2_loc_1_add_reg_2472             |  32|   0|   32|          0|
    |window_0_2_loc_1_fu_360                   |  32|   0|   32|          0|
    |window_0_3                                |  32|   0|   32|          0|
    |window_0_3_loc_1_add_reg_2452             |  32|   0|   32|          0|
    |window_0_3_loc_1_fu_356                   |  32|   0|   32|          0|
    |window_0_4                                |  32|   0|   32|          0|
    |window_1_1                                |  32|   0|   32|          0|
    |window_1_2                                |  32|   0|   32|          0|
    |window_1_2_loc_1_add_reg_2557             |  32|   0|   32|          0|
    |window_1_2_loc_1_fu_348                   |  32|   0|   32|          0|
    |window_1_3                                |  32|   0|   32|          0|
    |window_1_3_loc_1_add_reg_2532             |  32|   0|   32|          0|
    |window_1_3_loc_1_fu_344                   |  32|   0|   32|          0|
    |window_1_4                                |  32|   0|   32|          0|
    |window_2_1                                |  32|   0|   32|          0|
    |window_2_2                                |  32|   0|   32|          0|
    |window_2_2_loc_1_add_reg_2647             |  32|   0|   32|          0|
    |window_2_2_loc_1_fu_336                   |  32|   0|   32|          0|
    |window_2_3                                |  32|   0|   32|          0|
    |window_2_3_loc_1_add_reg_2622             |  32|   0|   32|          0|
    |window_2_3_loc_1_fu_332                   |  32|   0|   32|          0|
    |window_2_4                                |  32|   0|   32|          0|
    |window_3_1                                |  32|   0|   32|          0|
    |window_3_2                                |  32|   0|   32|          0|
    |window_3_2_loc_1_add_reg_2737             |  32|   0|   32|          0|
    |window_3_2_loc_1_fu_324                   |  32|   0|   32|          0|
    |window_3_3                                |  32|   0|   32|          0|
    |window_3_3_loc_1_add_reg_2712             |  32|   0|   32|          0|
    |window_3_3_loc_1_fu_320                   |  32|   0|   32|          0|
    |window_3_4                                |  32|   0|   32|          0|
    |window_4_1                                |  32|   0|   32|          0|
    |window_4_2                                |  32|   0|   32|          0|
    |window_4_2_loc_1_add_reg_2827             |  32|   0|   32|          0|
    |window_4_2_loc_1_fu_312                   |  32|   0|   32|          0|
    |window_4_3                                |  32|   0|   32|          0|
    |window_4_3_loc_1_add_reg_2802             |  32|   0|   32|          0|
    |window_4_3_loc_1_fu_308                   |  32|   0|   32|          0|
    |window_4_4                                |  32|   0|   32|          0|
    |window_load_1_0_0_fu_364                  |  32|   0|   32|          0|
    |window_load_1_1_0_fu_352                  |  32|   0|   32|          0|
    |window_load_1_2_0_fu_340                  |  32|   0|   32|          0|
    |window_load_1_3_0_fu_328                  |  32|   0|   32|          0|
    |window_load_1_4_0_fu_316                  |  32|   0|   32|          0|
    |and_ln74_reg_2390                         |  64|  32|    1|          0|
    |icmp_ln41_reg_2333                        |  64|  32|    1|          0|
    |mul_0_1_reg_2467                          |  64|  32|   32|          0|
    |mul_0_2_reg_2437                          |  64|  32|   32|          0|
    |mul_0_3_reg_2442                          |  64|  32|   32|          0|
    |mul_0_4_reg_2447                          |  64|  32|   32|          0|
    |mul_1_1_reg_2552                          |  64|  32|   32|          0|
    |mul_1_2_reg_2517                          |  64|  32|   32|          0|
    |mul_1_3_reg_2522                          |  64|  32|   32|          0|
    |mul_1_4_reg_2527                          |  64|  32|   32|          0|
    |mul_2_1_reg_2642                          |  64|  32|   32|          0|
    |mul_2_2_reg_2607                          |  64|  32|   32|          0|
    |mul_2_3_reg_2612                          |  64|  32|   32|          0|
    |mul_2_4_reg_2617                          |  64|  32|   32|          0|
    |mul_3_1_reg_2732                          |  64|  32|   32|          0|
    |mul_3_2_reg_2697                          |  64|  32|   32|          0|
    |mul_3_3_reg_2702                          |  64|  32|   32|          0|
    |mul_3_4_reg_2707                          |  64|  32|   32|          0|
    |mul_4_1_reg_2822                          |  64|  32|   32|          0|
    |mul_4_2_reg_2787                          |  64|  32|   32|          0|
    |mul_4_3_reg_2792                          |  64|  32|   32|          0|
    |mul_4_4_reg_2797                          |  64|  32|   32|          0|
    |new_pixel_1_reg_648                       |  64|  32|   32|          0|
    |out_pkt_last_V_reg_2394                   |  64|  32|    1|          0|
    |reuse_select54_reg_2415                   |  64|  32|   32|          0|
    |reuse_select60_reg_2409                   |  64|  32|   32|          0|
    |reuse_select_reg_2421                     |  64|  32|   32|          0|
    +------------------------------------------+----+----+-----+-----------+
    |Total                                     |6592| 864| 5635|          0|
    +------------------------------------------+----+----+-----+-----------+



================================================================
== Interface
================================================================
* Summary: 
+-----------------------+-----+-----+------------+---------------------+--------------+
|       RTL Ports       | Dir | Bits|  Protocol  |    Source Object    |    C Type    |
+-----------------------+-----+-----+------------+---------------------+--------------+
|s_axi_control_AWVALID  |   in|    1|       s_axi|              control|        scalar|
|s_axi_control_AWREADY  |  out|    1|       s_axi|              control|        scalar|
|s_axi_control_AWADDR   |   in|    8|       s_axi|              control|        scalar|
|s_axi_control_WVALID   |   in|    1|       s_axi|              control|        scalar|
|s_axi_control_WREADY   |  out|    1|       s_axi|              control|        scalar|
|s_axi_control_WDATA    |   in|   32|       s_axi|              control|        scalar|
|s_axi_control_WSTRB    |   in|    4|       s_axi|              control|        scalar|
|s_axi_control_ARVALID  |   in|    1|       s_axi|              control|        scalar|
|s_axi_control_ARREADY  |  out|    1|       s_axi|              control|        scalar|
|s_axi_control_ARADDR   |   in|    8|       s_axi|              control|        scalar|
|s_axi_control_RVALID   |  out|    1|       s_axi|              control|        scalar|
|s_axi_control_RREADY   |   in|    1|       s_axi|              control|        scalar|
|s_axi_control_RDATA    |  out|   32|       s_axi|              control|        scalar|
|s_axi_control_RRESP    |  out|    2|       s_axi|              control|        scalar|
|s_axi_control_BVALID   |  out|    1|       s_axi|              control|        scalar|
|s_axi_control_BREADY   |   in|    1|       s_axi|              control|        scalar|
|s_axi_control_BRESP    |  out|    2|       s_axi|              control|        scalar|
|ap_clk                 |   in|    1|  ap_ctrl_hs|               conv2d|  return value|
|ap_rst_n               |   in|    1|  ap_ctrl_hs|               conv2d|  return value|
|interrupt              |  out|    1|  ap_ctrl_hs|               conv2d|  return value|
|in_stream_TDATA        |   in|   32|        axis|   in_stream_V_data_V|       pointer|
|in_stream_TVALID       |   in|    1|        axis|   in_stream_V_dest_V|       pointer|
|in_stream_TREADY       |  out|    1|        axis|   in_stream_V_dest_V|       pointer|
|in_stream_TDEST        |   in|    1|        axis|   in_stream_V_dest_V|       pointer|
|in_stream_TKEEP        |   in|    4|        axis|   in_stream_V_keep_V|       pointer|
|in_stream_TSTRB        |   in|    4|        axis|   in_stream_V_strb_V|       pointer|
|in_stream_TUSER        |   in|    1|        axis|   in_stream_V_user_V|       pointer|
|in_stream_TLAST        |   in|    1|        axis|   in_stream_V_last_V|       pointer|
|in_stream_TID          |   in|    1|        axis|     in_stream_V_id_V|       pointer|
|out_stream_TDATA       |  out|   32|        axis|  out_stream_V_data_V|       pointer|
|out_stream_TVALID      |  out|    1|        axis|  out_stream_V_dest_V|       pointer|
|out_stream_TREADY      |   in|    1|        axis|  out_stream_V_dest_V|       pointer|
|out_stream_TDEST       |  out|    1|        axis|  out_stream_V_dest_V|       pointer|
|out_stream_TKEEP       |  out|    4|        axis|  out_stream_V_keep_V|       pointer|
|out_stream_TSTRB       |  out|    4|        axis|  out_stream_V_strb_V|       pointer|
|out_stream_TUSER       |  out|    1|        axis|  out_stream_V_user_V|       pointer|
|out_stream_TLAST       |  out|    1|        axis|  out_stream_V_last_V|       pointer|
|out_stream_TID         |  out|    1|        axis|    out_stream_V_id_V|       pointer|
+-----------------------+-----+-----+------------+---------------------+--------------+

